
> matrix@0.2.0 build
> react-scripts build

Creating an optimized production build...
Failed to compile.

[eslint] 
src\pages\frontend\Checkout.jsx
  Line 156:106:  'loading' is not defined  no-undef

Search for the keywords to learn more about each error.


